23:42:43 **** Incremental Build of configuration Debug for project cdh-tsat6-stm32project-nucleo ****
make -j16 all 
arm-none-eabi-gcc "../Core/Src/main.c" -mcpu=cortex-m4 -std=gnu11 -g3 -DDEBUG -DUSE_HAL_DRIVER -DSTM32L452xx -c -I../Core/Inc -I../Drivers/Hardware_Peripherals/Inc -I../Drivers/Hardware_Peripherals/Test/Inc -I../Drivers/STM32L4xx_HAL_Driver/Inc -I../Drivers/STM32L4xx_HAL_Driver/Inc/Legacy -I../Drivers/CMSIS/Device/ST/STM32L4xx/Include -I../Drivers/CMSIS/Include -O0 -ffunction-sections -fdata-sections -Wall -fstack-usage -fcyclomatic-complexity -MMD -MP -MF"Core/Src/main.d" -MT"Core/Src/main.o" --specs=nano.specs -mfpu=fpv4-sp-d16 -mfloat-abi=hard -mthumb -o "Core/Src/main.o"
../Core/Src/main.c: In function 'main':
../Core/Src/main.c:216:1: warning: label 'error' defined but not used [-Wunused-label]
  216 | error:
      | ^~~~~
arm-none-eabi-gcc -o "cdh-tsat6-stm32project-nucleo.elf" @"objects.list"   -mcpu=cortex-m4 -T"E:\Documents\GitHub\cdh-tsat6\cdh-tsat6-stm32project-nucleo\STM32L452RETX_FLASH.ld" --specs=nosys.specs -Wl,-Map="cdh-tsat6-stm32project-nucleo.map" -Wl,--gc-sections -static --specs=nano.specs -mfpu=fpv4-sp-d16 -mfloat-abi=hard -mthumb -Wl,--start-group -lc -lm -Wl,--end-group
Finished building target: cdh-tsat6-stm32project-nucleo.elf
 
arm-none-eabi-size  cdh-tsat6-stm32project-nucleo.elf 
arm-none-eabi-objdump -h -S cdh-tsat6-stm32project-nucleo.elf  > "cdh-tsat6-stm32project-nucleo.list"
   text	   data	    bss	    dec	    hex	filename
  22580	     20	   2252	  24852	   6114	cdh-tsat6-stm32project-nucleo.elf
Finished building: default.size.stdout
 
Finished building: cdh-tsat6-stm32project-nucleo.list
 

23:42:44 Build Finished. 0 errors, 1 warnings. (took 1s.197ms)

